C51 COMPILER V9.60.7.0   IR_REMOTE                                                         09/26/2026 11:10:47 PAGE 1   


C51 COMPILER V9.60.7.0, COMPILATION OF MODULE IR_REMOTE
OBJECT MODULE PLACED IN .\Objects\IR_remote.obj
COMPILER INVOKED BY: C:\Keil_v5\C51\BIN\C51.EXE IR_remote.c OPTIMIZE(8,SPEED) BROWSE DEBUG OBJECTEXTEND PRINT(.\Listings
                    -\IR_remote.lst) TABS(2) OBJECT(.\Objects\IR_remote.obj)

line level    source

   1          #include<at89c5131.h>
   2          #include<stdio.h>
   3          #include<lcd.h>
   4          #include<ir_data.h>
   5          #include<keypad.h>
   6          
   7          unsigned char head = NULL_IDX;
   8          unsigned char curr_rem = NULL_IDX;
   9          unsigned char curr_cmd = NULL_IDX;
  10          
  11          unsigned char chunk[4] = {0x00,0x00,0x00,0x00};
  12          unsigned char chunk_idx = 0;
  13          unsigned char bt_idx = 0;
  14          unsigned char tx_state = 0; // 0=Leader OFF, 1=Data ON, 2=Data OFF, 3=Stop
  15          unsigned char tx_bit_count = 0;
  16          unsigned char tx_byte_idx = 0;
  17          sbit ir_tx = P3^4;
  18            unsigned char i = 0;
  19          bit carrier = 0;
  20          bit rx_tx = 0; //receiver mode default
  21          bit r_start = 0;
  22          bit rx_bt; // received bit
  23          bit tx_bt;
  24          bit is_edge = 1; //is this 
  25          sbit ir_rx = P3^2; //active low receiver
  26          bit tx_start = 1;
  27          sbit IE0 = TCON^1;
  28          
  29          void update_display(void) {
  30   1          lcd_cmd(0x01); // Clear LCD
  31   1          delay_ms(2);
  32   1          
  33   1          // Line 1: Remote Name
  34   1          lcd_cmd(0x80);
  35   1          lcd_print(get_rem_name(curr_rem));
  36   1          
  37   1          // Line 2: Command Name
  38   1          lcd_cmd(0xC0);
  39   1          lcd_print(get_cmd_name(curr_cmd));
  40   1      }
  41          
  42          void trigger_tx(void) {
  43   1          unsigned char j;
  44   1          if (curr_cmd == NULL_IDX) return; // Nothing to transmit
  45   1          
  46   1          // Load the selected command's 4 bytes into chunk[] for transmission
  47   1          for (j = 0; j < 4; j++) {
  48   2              chunk[j] = get_cmd_byte(curr_cmd, j);
  49   2          }
  50   1          
  51   1          EX0 = 0;      // Disable receiver interrupt during TX
  52   1          TR0 = 0;
  53   1          TR1 = 0;
  54   1          
C51 COMPILER V9.60.7.0   IR_REMOTE                                                         09/26/2026 11:10:47 PAGE 2   

  55   1          TMOD = 0x21;  // Timer 1: 8-bit Auto-Reload (38kHz), Timer 0: 16-bit
  56   1          
  57   1          rx_tx = 1;
  58   1          tx_state = 0;
  59   1          tx_bit_count = 0;
  60   1          tx_byte_idx = 0;
  61   1          
  62   1          // 9ms Leader ON
  63   1          TH0 = 0xB9;
  64   1          TL0 = 0xB0;
  65   1          
  66   1          // 38kHz Carrier (24MHz crystal)
  67   1          TH1 = 0xE6;
  68   1          TL1 = 0xE6;
  69   1          
  70   1          tx_bt = 1;
  71   1          TF0 = 0;
  72   1          TF1 = 0;
  73   1          TR1 = 1;
  74   1          TR0 = 1;
  75   1      }
  76          
  77          void ir_detect() interrupt 0{
  78   1        if(r_start == 0){
  79   2          TH0 = 0xBB; // programmed for 8750us 24mhz to check if start bit is valid
  80   2          TL0 = 0xA4; 
  81   2          TR0 = 1;
  82   2        }
  83   1          else{
  84   2          TR0 = 0;
  85   2          TR1 = 0;
  86   2          if(chunk_idx > 3) {
  87   3                  r_start = 0;       // Reset state machine
  88   3                  is_edge = 1;       // Reset edge flag
  89   3                  chunk_idx = 0;     // Reset index for next button press
  90   3                  bt_idx = 0;
  91   3                  // Here you would normally set a flag to tell main() to process 'chunk'
  92   3                  return; 
  93   3              }
  94   2          TH1 = 0xEE; // 2275us
  95   2          TL1 = 0x3A; // check if transmistion failed or ended
  96   2          TH0 = 0xF2; // 1750us 
  97   2          TL0 = 0x54; //check if bit 1 or 0
  98   2          
  99   2          if(is_edge == 1){
 100   3       //don't consider if start
 101   3            is_edge = 0;
 102   3          }
 103   2          else{
 104   3          if (rx_bt == 1) {
 105   4                      chunk[chunk_idx] |= (1 << bt_idx);
 106   4                  } else {
 107   4                      chunk[chunk_idx] &= ~(1 << bt_idx); // ensure bit is 0
 108   4                  }
 109   3          bt_idx++;
 110   3          }
 111   2          if(bt_idx == 8){
 112   3            bt_idx = 0;
 113   3            chunk_idx++;
 114   3          } 
 115   2                rx_bt = 0;
 116   2          TR0 = 1;
C51 COMPILER V9.60.7.0   IR_REMOTE                                                         09/26/2026 11:10:47 PAGE 3   

 117   2          TR1 = 1;
 118   2        }
 119   1      }
 120          void pulse_check() interrupt 1{
 121   1        if(rx_tx == 0){
 122   2        if(r_start == 0 && ir_rx == 0){
 123   3          r_start = 1;  // if start bit valid
 124   3          TR0 = 0; 
 125   3        }
 126   2        else{
 127   3          TR0 = 0;
 128   3          rx_bt = 1;
 129   3        }
 130   2      }
 131   1        else {
 132   2              // TRANSMIT STATE MACHINE
 133   2              TR0 = 0; // Stop timer to reload values safely
 134   2      
 135   2              if (tx_state == 0) { 
 136   3                  // Finished 9ms ON, switch to 4.5ms OFF
 137   3                  tx_bt = 0;          // Turn off 38kHz carrier
 138   3                  TH0 = 0xDD;         // 4.5ms
 139   3                  TL0 = 0x98;
 140   3                  tx_state = 1;
 141   3              } 
 142   2              else if (tx_state == 1 || tx_state == 2) { 
 143   3                  // Finished OFF gap, start 562us ON pulse for the next bit
 144   3                  if (tx_byte_idx > 3) {
 145   4                      // Payload complete, transmit final Stop Bit
 146   4                      tx_bt = 1;
 147   4                      TH0 = 0xFB;     // 562us
 148   4                      TL0 = 0xBB;
 149   4                      tx_state = 3;
 150   4                  } else {
 151   4                      tx_bt = 1;      // Turn on 38kHz carrier
 152   4                      TH0 = 0xFB;     // 562us
 153   4                      TL0 = 0xBB;
 154   4                      tx_state = 4;   // Go evaluate data bit
 155   4                  }
 156   3              } 
 157   2              else if (tx_state == 4) { 
 158   3                  // Finished 562us ON, calculate OFF gap based on array data
 159   3                  tx_bt = 0;          // Turn off carrier
 160   3                  
 161   3                  // Check bit value (LSB first)
 162   3                  if ((chunk[tx_byte_idx] >> tx_bit_count) & 1) {
 163   4                      // Bit is '1' -> 1687us gap
 164   4                      TH0 = 0xF2;
 165   4                      TL0 = 0xD1;
 166   4                  } else {
 167   4                      // Bit is '0' -> 562us gap
 168   4                      TH0 = 0xFB;
 169   4                      TL0 = 0xBB;
 170   4                  }
 171   3                  
 172   3                  tx_bit_count++;
 173   3                  if (tx_bit_count == 8) {
 174   4                      tx_bit_count = 0;
 175   4                      tx_byte_idx++;
 176   4                  }
 177   3                  tx_state = 2; // Loop back for next bit
 178   3              } 
C51 COMPILER V9.60.7.0   IR_REMOTE                                                         09/26/2026 11:10:47 PAGE 4   

 179   2              else if (tx_state == 3) { 
 180   3                  // Stop bit finished, shut everything down and restore RX mode
 181   3                  TR1 = 0;
 182   3                  ir_tx = 0;
 183   3                  TMOD = 0x11; // Restore Timer 1 to 16-bit mode for RX timeout
 184   3                  IE0 = 0;     // Clear any false interrupt flag picked up during TX
 185   3                  EX0 = 1;     // Re-enable IR receiver interrupt
 186   3                  rx_tx = 0;   // Return to receive mode
 187   3                  return;      // Do not restart Timer 0
 188   3              }
 189   2              
 190   2              TR0 = 1; // Restart timer for next phase
 191   2          }
 192   1      }
 193          
 194          void rx_end() interrupt 3{
 195   1        if(rx_tx == 0){
 196   2       r_start = 0; //rx failed or ended
 197   2        is_edge = 1;
 198   2          chunk_idx = 0;
 199   2          bt_idx = 0;
 200   2          TR0 = 0;
 201   2        TR1 = 0;
 202   2        }
 203   1        else{
 204   2          carrier = ~carrier;
 205   2          ir_tx = carrier & tx_bt;
 206   2        }
 207   1      }
 208          
 209          void main(void){
 210   1        char name_buf[10] = {'D','E','F','A','U','L','T','\0'};
 211   1        unsigned char j;
 212   1        
 213   1        TMOD = 0x11;
 214   1        IT0 = 1;
 215   1        EX0 = 1;
 216   1        ET0 = 1;
 217   1        ET1 = 1;
 218   1        EA = 1;
 219   1        ir_tx = 0;
 220   1        lcd_init();
 221   1        while(1){
 222   2      switch (key()) {
 223   3      case 'A': // Add new Remote
 224   3                      sprintf(name_buf, "REM %d", (int)(ir_pool_idx + 1));
 225   3                      head = insert_name(head, name_buf);
 226   3                      curr_rem = head;
 227   3                      curr_cmd = get_rem_cmd_head(curr_rem);
 228   3                      update_display();
 229   3                      break;
 230   3                      
 231   3                  case 'B': // Save last received IR signal into current Remote
 232   3                      if (curr_rem != NULL_IDX) {
 233   4                          sprintf(name_buf, "CMD %d", (int)(cmd_idx + 1));
 234   4                          curr_cmd = insert_cmd_name(curr_rem, name_buf);
 235   4                          for (j = 0; j < 4; j++) {
 236   5                              insert_cmd(curr_rem, chunk[j], j);
 237   5                            chunk[j] = 0;
 238   5                          }
 239   4                          update_display();
 240   4                      }
C51 COMPILER V9.60.7.0   IR_REMOTE                                                         09/26/2026 11:10:47 PAGE 5   

 241   3                      break;
 242   3                      
 243   3                  case 'C': // Transmit currently selected Command
 244   3                      trigger_tx();
 245   3                      break;
 246   3                      
 247   3                  case 'D': // Previous Remote
 248   3                      curr_rem = get_prev_rem(curr_rem);
 249   3                      curr_cmd = get_rem_cmd_head(curr_rem);
 250   3                      update_display();
 251   3                      break;
 252   3                      
 253   3                  case 'E': // Next Remote
 254   3                      curr_rem = get_next_rem(curr_rem);
 255   3                      curr_cmd = get_rem_cmd_head(curr_rem);
 256   3                      update_display();
 257   3                      break;
 258   3                      
 259   3                  case 'F': // Previous Command
 260   3                      curr_cmd = get_prev_cmd(curr_cmd);
 261   3                      update_display();
 262   3                      break;
 263   3                      
 264   3                  case 'G': // Next Command
 265   3                      curr_cmd = get_next_cmd(curr_cmd);
 266   3                      update_display();
 267   3                      break;
 268   3                      
 269   3                  default:
 270   3                      break;
 271   3          //test
 272   3      }
 273   2        }
 274   1      }


MODULE INFORMATION:   STATIC OVERLAYABLE
   CODE SIZE        =   1860    ----
   CONSTANT SIZE    =     41    ----
   XDATA SIZE       =   1730    ----
   PDATA SIZE       =   ----    ----
   DATA SIZE        =     15      23
   IDATA SIZE       =   ----    ----
   BIT SIZE         =      7    ----
END OF MODULE INFORMATION.


C51 COMPILATION COMPLETE.  0 WARNING(S),  0 ERROR(S)
